// Jest Snapshot v1, https://goo.gl/fbAQLP

exports[`Popup functionality creates an option element with the correct structure and data 1`] = `
"
    <button class=\\"popup__item\\" data-type=\\"h1\\">
    <img src=\\"\\" alt=\\"heading icon\\" width=\\"30\\">

    <div>
      <h4>Heading 1</h4>
      <p>Big Section heading</p>
    </div>
    </button>"
`;
